      0.4ms ## open; waiting for banner
   2532.8ms -> <RESET 0x18>
   2580.1ms <- [MSG:Using cpu_map...esp32-s3]
   2580.6ms <- Grbl 1.1f ['$' for help]
   5070.0ms ## banner: ['[MSG:Using cpu_map...esp32-s3]', "Grbl 1.1f ['$' for help]"]
   5070.3ms -> $X
   5125.4ms <- ok
   5125.8ms -> $I
   5180.9ms <- [VER:1.1f.20220810:]
   5181.1ms <- [OPT:VHL,127,65536]
   5181.3ms <- [software versions: CV50-MASTER-Release V3.0.4 20231113-0956]
   5181.5ms <- ok
   5181.7ms -> $$
   5187.0ms <- $0=10
   5187.3ms <- $1=250
   5188.5ms <- $2=0
   5188.8ms <- $3=4
   5189.2ms <- $4=0
   5189.5ms <- $5=0
   5189.7ms <- $6=0
   5189.8ms <- $10=3
   5190.0ms <- $11=0.010
   5190.2ms <- $12=0.002
   5190.4ms <- $13=0
   5190.6ms <- $20=0
   5190.7ms <- $21=1
   5190.9ms <- $22=1
   5191.1ms <- $23=1
   5191.3ms <- $24=2000.000
   5191.5ms <- $25=4000.000
   5191.6ms <- $26=20
   5191.8ms <- $27=5.000
   5192.0ms <- $30=1000.000
   5192.2ms <- $31=0.000
   5192.4ms <- $32=1
   5192.5ms <- $100=80.000
   5192.7ms <- $101=80.000
   5192.9ms <- $110=25000.000
   5248.3ms <- $111=8000.000
   5248.5ms <- $120=1000.000
   5248.7ms <- $121=1000.000
   5248.9ms <- $130=400.000
   5249.1ms <- $131=415.000
   5249.3ms <- $150=1
   5249.4ms <- $151=4
   5249.6ms <- $152=30
   5249.8ms <- $153=0
   5250.0ms <- $154=1
   5250.2ms <- $155=1
   5250.3ms <- $156=0
   5250.5ms <- $157=1
   5250.7ms <- $158=1
   5250.9ms <- $160=1
   5251.1ms <- $161=13.00
   5251.3ms <- ok
   5251.9ms ## settings: {0: 10.0, 1: 250.0, 2: 0.0, 3: 4.0, 4: 0.0, 5: 0.0, 6: 0.0, 10: 3.0, 11: 0.01, 12: 0.002, 13: 0.0, 20: 0.0, 21: 1.0, 22: 1.0, 23: 1.0, 24: 2000.0, 25: 4000.0, 26: 20.0, 27: 5.0, 30: 1000.0, 31: 0.0, 32: 1.0, 100: 80.0, 101: 80.0, 110: 25000.0, 111: 8000.0, 120: 1000.0, 121: 1000.0, 130: 400.0, 131: 415.0, 150: 1.0, 151: 4.0, 152: 30.0, 153: 0.0, 154: 1.0, 155: 1.0, 156: 0.0, 157: 1.0, 158: 1.0, 160: 1.0, 161: 13.0}
   5252.0ms -> $H
   5946.8ms <- ok
   5947.1ms -> G21
   6001.9ms <- ok
   6002.2ms -> G90
   6055.4ms <- ok
   6055.7ms -> M5
   6106.0ms <- ok
   6106.5ms -> G0 X10.000 Y-10.000
   6156.4ms <- ok
   6157.6ms -> <? 0x3F>
   6207.9ms <- <Run|MPos:1.275,-1.237,0.000|Bf:127,65535|FS:0,0|WCO:0.000,0.000,0.000>
   6408.3ms -> <? 0x3F>
   6416.6ms <- <Idle|MPos:10.000,-10.000,0.000|Bf:127,65535|FS:0,0|Ov:100,100,100|A:S>
   6416.9ms ## --- variant preamble_zero_length_then_M4 rep 1 ---
   6417.0ms -> M5
   6472.0ms <- ok
   6472.3ms -> G0 X40.000 Y-40.000
   6522.9ms <- ok
   6523.4ms -> G1 X40.000 Y-40.000 F12000 S0
   6575.6ms <- ok
   6575.9ms -> M4 S10
   6841.4ms <- ok
   6841.7ms -> M5
   6896.6ms <- ok
   6896.9ms -> <? 0x3F>
   6952.0ms <- <Idle|MPos:40.000,-40.000,0.000|Bf:127,65535|FS:0,0|Ov:100,100,100|A:S>
   6952.4ms ## --- variant rapid_in_flight_then_M4 rep 1 ---
   6952.5ms -> M5
   7007.4ms <- ok
   7007.9ms -> G0 X10.000 Y-10.000
   7058.3ms <- ok
   7058.5ms -> G0 X60.000 Y-60.000
   7108.8ms <- ok
   7109.1ms -> M4 S10
   7847.8ms <- ok
   7848.0ms -> M5
   7899.6ms <- ok
   7899.8ms -> <? 0x3F>
   7953.4ms <- <Idle|MPos:60.000,-60.000,0.000|Bf:127,65535|FS:0,0|Ov:100,100,100|A:S>
   7953.7ms ## --- variant rapid_then_M4_no_zero_length rep 1 ---
   7953.7ms -> M5
   8004.2ms <- ok
   8004.4ms -> G0 X10.000 Y-10.000
   8055.9ms <- ok
   8056.2ms -> G0 X40.000 Y-40.000
   8110.4ms <- ok
   8110.8ms -> M4 S10
   8875.3ms <- ok
   8875.7ms -> M5
   8929.3ms <- ok
   8929.7ms -> <? 0x3F>
   8980.1ms <- <Idle|MPos:40.000,-40.000,0.000|Bf:127,65535|FS:0,0|Ov:100,100,100|A:S>
   8980.5ms ## --- variant ring_M4 rep 1 ---
   8980.6ms -> M5
   9030.5ms <- ok
   9030.8ms -> G0 X20.000 Y-20.000
   9086.0ms <- ok
   9086.3ms -> M4 S10
   9348.0ms <- ok
   9348.5ms -> G1 X40.000 Y-20.000 F12000 S10
   9403.6ms <- ok
   9403.9ms -> G1 X40.000 Y-40.000
   9454.4ms <- ok
   9454.9ms -> G1 X20.000 Y-40.000
   9510.2ms <- ok
   9510.4ms -> G1 X20.000 Y-20.000
   9564.2ms <- ok
   9564.7ms -> M5
  10511.0ms <- ok
  10511.2ms -> <? 0x3F>
  10566.4ms <- <Idle|MPos:20.000,-20.000,0.000|Bf:127,65535|FS:0,0|Ov:100,100,100|A:S>
  10566.8ms ## --- variant ring_M3 rep 1 ---
  10567.0ms -> M5
  10619.1ms <- ok
  10619.5ms -> G0 X20.000 Y-20.000
  10671.6ms <- ok
  10672.2ms -> M3 S10
  10724.3ms <- ok
  10724.6ms -> G1 X40.000 Y-20.000 F12000 S10
  10779.7ms <- ok
  10780.0ms -> G1 X40.000 Y-40.000
  10834.3ms <- ok
  10834.7ms -> G1 X20.000 Y-40.000
  10885.1ms <- ok
  10885.3ms -> G1 X20.000 Y-20.000
  10935.5ms <- ok
  10935.7ms -> M5
  11887.2ms <- ok
  11887.7ms -> <? 0x3F>
  11938.0ms <- <Idle|MPos:20.000,-20.000,0.000|Bf:127,65535|FS:0,0|Ov:100,100,100|A:S>
  11938.4ms ## --- variant two_rings_M3 rep 1 ---
  11938.4ms -> M5
  11988.4ms <- ok
  11988.7ms -> G0 X20.000 Y-20.000
  12043.5ms <- ok
  12043.8ms -> M3 S10
  12098.9ms <- ok
  12099.2ms -> G1 X30.000 Y-20.000 F12000 S10
  12153.7ms <- ok
  12154.0ms -> G1 X30.000 Y-30.000
  12205.7ms <- ok
  12206.1ms -> M5
  12522.2ms <- ok
  12522.8ms -> G0 X45.000 Y-45.000
  12573.4ms <- ok
  12574.0ms -> M3 S10
  12785.7ms <- ok
  12786.0ms -> G1 X55.000 Y-45.000 F12000 S10
  12839.7ms <- ok
  12840.1ms -> G1 X55.000 Y-55.000
  12890.9ms <- ok
  12891.5ms -> M5
  13211.4ms <- ok
  13211.7ms -> <? 0x3F>
  13266.8ms <- <Idle|MPos:55.000,-55.000,0.000|Bf:127,65535|FS:0,0|Ov:100,100,100|A:S>
  13267.2ms ## --- variant ring_M4_settle30ms rep 1 ---
  13267.3ms -> M5
  13322.2ms <- ok
  13357.6ms -> G0 X20.000 Y-20.000
  13374.4ms <- ok
  13375.2ms -> M4 S10
  13789.5ms <- ok
  13824.5ms -> G1 X40.000 Y-20.000 F12000 S10
  13842.3ms <- ok
  13842.7ms -> G1 X40.000 Y-40.000
  13892.7ms <- ok
  13893.2ms -> G1 X20.000 Y-40.000
  13943.4ms <- ok
  13943.6ms -> G1 X20.000 Y-20.000
  13994.2ms <- ok
  13994.6ms -> M5
  14945.6ms <- ok
  14979.4ms -> <? 0x3F>
  14996.1ms <- <Idle|MPos:20.000,-20.000,0.000|Bf:127,65535|FS:0,0|Ov:100,100,100|A:S>
  14996.6ms ## --- variant ring_M4_wait_idle_before_switch rep 1 ---
  14996.6ms -> M5
  15047.3ms <- ok
  15047.6ms -> G0 X20.000 Y-20.000
  15102.8ms <- ok
  15103.1ms -> <? 0x3F>
  15158.2ms <- <Idle|MPos:20.000,-20.000,0.000|Bf:127,65535|FS:0,0>
  15158.5ms -> M4 S10
  15213.4ms <- ok
  15213.7ms -> G1 X40.000 Y-20.000 F12000 S10
  15263.9ms <- ok
  15264.4ms -> G1 X40.000 Y-40.000
  15319.4ms <- ok
  15319.7ms -> G1 X20.000 Y-40.000
  15374.8ms <- ok
  15375.1ms -> G1 X20.000 Y-20.000
  15429.9ms <- ok
  15430.3ms -> <? 0x3F>
  15480.8ms <- <Run|MPos:37.713,-20.000,0.000|Bf:124,65535|FS:3208,3|Ov:100,100,100|A:S>
  15683.3ms -> <? 0x3F>
  15694.1ms <- <Run|MPos:40.000,-35.237,0.000|Bf:125,65535|FS:4034,3>
  15898.6ms -> <? 0x3F>
  15907.6ms <- <Run|MPos:31.663,-40.000,0.000|Bf:126,65535|FS:7657,6>
  16109.5ms -> <? 0x3F>
  16115.1ms <- <Run|MPos:20.000,-37.650,0.000|Bf:127,65535|FS:0,0>
  16315.7ms -> <? 0x3F>
  16323.0ms <- <Run|MPos:20.000,-20.038,0.000|Bf:127,65535|FS:0,0>
  16528.5ms -> <? 0x3F>
  16533.7ms <- <Idle|MPos:20.000,-20.000,0.000|Bf:127,65535|FS:0,0>
  16534.2ms -> M5
  16589.3ms <- ok
  16589.6ms -> <? 0x3F>
  16644.7ms <- <Idle|MPos:20.000,-20.000,0.000|Bf:127,65535|FS:0,0|Ov:100,100,100|A:S>
  16645.1ms ## --- variant preamble_zero_length_then_M4 rep 2 ---
  16645.1ms -> M5
  16699.9ms <- ok
  16700.3ms -> G0 X40.000 Y-40.000
  16751.3ms <- ok
  16751.8ms -> G1 X40.000 Y-40.000 F12000 S0
  16806.8ms <- ok
  16807.1ms -> M4 S10
  17017.5ms <- ok
  17017.9ms -> M5
  17068.3ms <- ok
  17068.6ms -> <? 0x3F>
  17123.7ms <- <Idle|MPos:40.000,-40.000,0.000|Bf:127,65535|FS:0,0|Ov:100,100,100|A:S>
  17124.1ms ## --- variant rapid_in_flight_then_M4 rep 2 ---
  17124.1ms -> M5
  17179.1ms <- ok
  17179.4ms -> G0 X10.000 Y-10.000
  17230.9ms <- ok
  17231.1ms -> G0 X60.000 Y-60.000
  17285.7ms <- ok
  17285.9ms -> M4 S10
  18020.5ms <- ok
  18021.2ms -> M5
  18076.3ms <- ok
  18076.7ms -> <? 0x3F>
  18131.8ms <- <Idle|MPos:60.000,-60.000,0.000|Bf:127,65535|FS:0,0|Ov:100,100,100|A:S>
  18132.2ms ## --- variant rapid_then_M4_no_zero_length rep 2 ---
  18132.2ms -> M5
  18187.3ms <- ok
  18187.8ms -> G0 X10.000 Y-10.000
  18238.1ms <- ok
  18238.4ms -> G0 X40.000 Y-40.000
  18289.3ms <- ok
  18289.6ms -> M4 S10
  19023.1ms <- ok
  19023.5ms -> M5
  19073.6ms <- ok
  19073.9ms -> <? 0x3F>
  19123.9ms <- <Idle|MPos:40.000,-40.000,0.000|Bf:127,65535|FS:0,0|Ov:100,100,100|A:S>
  19124.4ms ## --- variant ring_M4 rep 2 ---
  19124.5ms -> M5
  19176.6ms <- ok
  19176.9ms -> G0 X20.000 Y-20.000
  19232.0ms <- ok
  19232.3ms -> M4 S10
  19502.3ms <- ok
  19502.5ms -> G1 X40.000 Y-20.000 F12000 S10
  19557.5ms <- ok
  19558.0ms -> G1 X40.000 Y-40.000
  19608.9ms <- ok
  19609.6ms -> G1 X20.000 Y-40.000
  19660.1ms <- ok
  19660.4ms -> G1 X20.000 Y-20.000
  19715.6ms <- ok
  19715.9ms -> M5
  20615.6ms <- ok
  20615.8ms -> <? 0x3F>
  20666.5ms <- <Idle|MPos:20.000,-20.000,0.000|Bf:127,65535|FS:0,0|Ov:100,100,100|A:S>
  20667.3ms ## --- variant ring_M3 rep 2 ---
  20667.5ms -> M5
  20719.9ms <- ok
  20720.2ms -> G0 X20.000 Y-20.000
  20775.3ms <- ok
  20775.6ms -> M3 S10
  20828.7ms <- ok
  20829.0ms -> G1 X40.000 Y-20.000 F12000 S10
  20882.7ms <- ok
  20883.0ms -> G1 X40.000 Y-40.000
  20938.1ms <- ok
  20938.4ms -> G1 X20.000 Y-40.000
  20993.6ms <- ok
  20994.0ms -> G1 X20.000 Y-20.000
  21044.9ms <- ok
  21045.3ms -> M5
  21991.9ms <- ok
  21992.2ms -> <? 0x3F>
  22047.4ms <- <Idle|MPos:20.000,-20.000,0.000|Bf:127,65535|FS:0,0|Ov:100,100,100|A:S>
  22048.2ms ## --- variant two_rings_M3 rep 2 ---
  22048.3ms -> M5
  22098.8ms <- ok
  22099.0ms -> G0 X20.000 Y-20.000
  22149.5ms <- ok
  22149.8ms -> M3 S10
  22201.9ms <- ok
  22202.1ms -> G1 X30.000 Y-20.000 F12000 S10
  22256.3ms <- ok
  22256.6ms -> G1 X30.000 Y-30.000
  22311.7ms <- ok
  22312.0ms -> M5
  22633.4ms <- ok
  22633.6ms -> G0 X45.000 Y-45.000
  22687.7ms <- ok
  22688.0ms -> M3 S10
  22900.6ms <- ok
  22900.9ms -> G1 X55.000 Y-45.000 F12000 S10
  22956.1ms <- ok
  22956.4ms -> G1 X55.000 Y-55.000
  23009.9ms <- ok
  23010.2ms -> M5
  23318.4ms <- ok
  23318.7ms -> <? 0x3F>
  23373.9ms <- <Idle|MPos:55.000,-55.000,0.000|Bf:127,65535|FS:0,0|Ov:100,100,100|A:S>
  23374.2ms ## --- variant ring_M4_settle30ms rep 2 ---
  23374.3ms -> M5
  23429.3ms <- ok
  23462.8ms -> G0 X20.000 Y-20.000
  23483.7ms <- ok
  23484.1ms -> M4 S10
  23853.4ms <- ok
  23886.8ms -> G1 X40.000 Y-20.000 F12000 S10
  23907.5ms <- ok
  23907.7ms -> G1 X40.000 Y-40.000
  23962.9ms <- ok
  23963.2ms -> G1 X20.000 Y-40.000
  24018.4ms <- ok
  24018.7ms -> G1 X20.000 Y-20.000
  24072.4ms <- ok
  24072.6ms -> M5
  25021.1ms <- ok
  25055.6ms -> <? 0x3F>
  25074.4ms <- <Idle|MPos:20.000,-20.000,0.000|Bf:127,65535|FS:0,0|Ov:100,100,100|A:S>
  25074.7ms ## --- variant ring_M4_wait_idle_before_switch rep 2 ---
  25074.8ms -> M5
  25125.8ms <- ok
  25126.1ms -> G0 X20.000 Y-20.000
  25181.2ms <- ok
  25181.5ms -> <? 0x3F>
  25236.7ms <- <Idle|MPos:20.000,-20.000,0.000|Bf:127,65535|FS:0,0>
  25237.0ms -> M4 S10
  25289.7ms <- ok
  25290.2ms -> G1 X40.000 Y-20.000 F12000 S10
  25342.1ms <- ok
  25342.4ms -> G1 X40.000 Y-40.000
  25397.5ms <- ok
  25397.8ms -> G1 X20.000 Y-40.000
  25453.0ms <- ok
  25453.4ms -> G1 X20.000 Y-20.000
  25507.6ms <- ok
  25507.9ms -> <? 0x3F>
  25560.2ms <- <Run|MPos:37.787,-20.000,0.000|Bf:124,65535|FS:3208,3|Ov:100,100,100|A:S>
  25765.0ms -> <? 0x3F>
  25774.9ms <- <Run|MPos:40.000,-35.725,0.000|Bf:125,65535|FS:3434,3>
  25975.4ms -> <? 0x3F>
  25985.8ms <- <Run|MPos:31.600,-40.000,0.000|Bf:126,65535|FS:7657,6>
  26191.3ms -> <? 0x3F>
  26198.7ms <- <Run|MPos:20.000,-37.263,0.000|Bf:127,65535|FS:0,0>
  26404.2ms -> <? 0x3F>
  26409.5ms <- <Idle|MPos:20.000,-20.000,0.000|Bf:127,65535|FS:0,0>
  26410.0ms -> M5
  26460.1ms <- ok
  26460.4ms -> <? 0x3F>
  26515.5ms <- <Idle|MPos:20.000,-20.000,0.000|Bf:127,65535|FS:0,0|WCO:0.000,0.000,0.000>
  26515.9ms ## --- variant preamble_zero_length_then_M4 rep 3 ---
  26515.9ms -> M5
  26569.5ms <- ok
  26569.8ms -> G0 X40.000 Y-40.000
  26625.0ms <- ok
  26625.3ms -> G1 X40.000 Y-40.000 F12000 S0
  26680.5ms <- ok
  26680.8ms -> M4 S10
  26894.1ms <- ok
  26894.6ms -> M5
  26944.7ms <- ok
  26945.0ms -> <? 0x3F>
  26995.3ms <- <Idle|MPos:40.000,-40.000,0.000|Bf:127,65535|FS:0,0|Ov:100,100,100|A:S>
  26995.8ms ## --- variant rapid_in_flight_then_M4 rep 3 ---
  26996.0ms -> M5
  27048.4ms <- ok
  27048.9ms -> G0 X10.000 Y-10.000
  27104.0ms <- ok
  27104.3ms -> G0 X60.000 Y-60.000
  27159.6ms <- ok
  27159.8ms -> M4 S10
  27912.2ms <- ok
  27912.5ms -> M5
  27963.4ms <- ok
  27963.9ms -> <? 0x3F>
  28015.6ms <- <Idle|MPos:60.000,-60.000,0.000|Bf:127,65535|FS:0,0|Ov:100,100,100|A:S>
  28015.9ms ## --- variant rapid_then_M4_no_zero_length rep 3 ---
  28016.0ms -> M5
  28067.2ms <- ok
  28067.6ms -> G0 X10.000 Y-10.000
  28117.8ms <- ok
  28118.3ms -> G0 X40.000 Y-40.000
  28173.3ms <- ok
  28173.5ms -> M4 S10
  28916.2ms <- ok
  28916.8ms -> M5
  28966.9ms <- ok
  28967.1ms -> <? 0x3F>
  29022.3ms <- <Idle|MPos:40.000,-40.000,0.000|Bf:127,65535|FS:0,0|Ov:100,100,100|A:S>
  29022.7ms ## --- variant ring_M4 rep 3 ---
  29022.7ms -> M5
  29077.7ms <- ok
  29078.0ms -> G0 X20.000 Y-20.000
  29133.1ms <- ok
  29133.5ms -> M4 S10
  29400.1ms <- ok
  29400.4ms -> G1 X40.000 Y-20.000 F12000 S10
  29451.0ms <- ok
  29452.0ms -> G1 X40.000 Y-40.000
  29502.4ms <- ok
  29502.7ms -> G1 X20.000 Y-40.000
  29554.1ms <- ok
  29554.3ms -> G1 X20.000 Y-20.000
  29609.5ms <- ok
  29609.8ms -> M5
  30554.4ms <- ok
  30554.7ms -> <? 0x3F>
  30604.8ms <- <Idle|MPos:20.000,-20.000,0.000|Bf:127,65535|FS:0,0|Ov:100,100,100|A:S>
  30605.1ms ## --- variant ring_M3 rep 3 ---
  30605.2ms -> M5
  30658.8ms <- ok
  30659.2ms -> G0 X20.000 Y-20.000
  30714.3ms <- ok
  30714.6ms -> M3 S10
  30769.8ms <- ok
  30770.2ms -> G1 X40.000 Y-20.000 F12000 S10
  30824.5ms <- ok
  30824.8ms -> G1 X40.000 Y-40.000
  30879.9ms <- ok
  30880.2ms -> G1 X20.000 Y-40.000
  30935.3ms <- ok
  30935.6ms -> G1 X20.000 Y-20.000
  30989.2ms <- ok
  30989.8ms -> M5
  31889.0ms <- ok
  31889.3ms -> <? 0x3F>
  31940.8ms <- <Idle|MPos:20.000,-20.000,0.000|Bf:127,65535|FS:0,0|Ov:100,100,100|A:S>
  31941.5ms ## --- variant two_rings_M3 rep 3 ---
  31941.6ms -> M5
  31991.8ms <- ok
  31992.1ms -> G0 X20.000 Y-20.000
  32047.3ms <- ok
  32047.6ms -> M3 S10
  32102.7ms <- ok
  32103.0ms -> G1 X30.000 Y-20.000 F12000 S10
  32157.9ms <- ok
  32158.3ms -> G1 X30.000 Y-30.000
  32208.4ms <- ok
  32208.8ms -> M5
  32509.9ms <- ok
  32510.1ms -> G0 X45.000 Y-45.000
  32565.3ms <- ok
  32565.6ms -> M3 S10
  32777.1ms <- ok
  32777.3ms -> G1 X55.000 Y-45.000 F12000 S10
  32828.1ms <- ok
  32828.4ms -> G1 X55.000 Y-55.000
  32881.5ms <- ok
  32881.7ms -> M5
  33194.8ms <- ok
  33195.1ms -> <? 0x3F>
  33250.2ms <- <Idle|MPos:55.000,-55.000,0.000|Bf:127,65535|FS:0,0|Ov:100,100,100|A:S>
  33250.6ms ## --- variant ring_M4_settle30ms rep 3 ---
  33250.7ms -> M5
  33305.7ms <- ok
  33336.4ms -> G0 X20.000 Y-20.000
  33360.8ms <- ok
  33361.2ms -> M4 S10
  33770.6ms <- ok
  33806.0ms -> G1 X40.000 Y-20.000 F12000 S10
  33822.4ms <- ok
  33822.7ms -> G1 X40.000 Y-40.000
  33878.0ms <- ok
  33878.3ms -> G1 X20.000 Y-40.000
  33929.3ms <- ok
  33930.1ms -> G1 X20.000 Y-20.000
  33980.2ms <- ok
  33980.4ms -> M5
  34932.1ms <- ok
  34966.1ms -> <? 0x3F>
  34983.2ms <- <Idle|MPos:20.000,-20.000,0.000|Bf:127,65535|FS:0,0|Ov:100,100,100|A:S>
  34983.8ms ## --- variant ring_M4_wait_idle_before_switch rep 3 ---
  34983.9ms -> M5
  35036.4ms <- ok
  35036.9ms -> G0 X20.000 Y-20.000
  35090.2ms <- ok
  35090.4ms -> <? 0x3F>
  35145.6ms <- <Idle|MPos:20.000,-20.000,0.000|Bf:127,65535|FS:0,0>
  35145.9ms -> M4 S10
  35199.7ms <- ok
  35200.1ms -> G1 X40.000 Y-20.000 F12000 S10
  35251.4ms <- ok
  35251.7ms -> G1 X40.000 Y-40.000
  35306.9ms <- ok
  35307.2ms -> G1 X20.000 Y-40.000
  35362.3ms <- ok
  35362.7ms -> G1 X20.000 Y-20.000
  35416.7ms <- ok
  35417.2ms -> <? 0x3F>
  35467.9ms <- <Run|MPos:37.750,-20.000,0.000|Bf:124,65535|FS:3208,3|Ov:100,100,100|A:S>
  35669.3ms -> <? 0x3F>
  35684.0ms <- <Run|MPos:40.000,-35.263,0.000|Bf:125,65535|FS:4034,3|WCO:0.000,0.000,0.000>
  35885.2ms -> <? 0x3F>
  35891.4ms <- <Run|MPos:31.625,-40.000,0.000|Bf:126,65535|FS:7657,6>
  36093.0ms -> <? 0x3F>
  36102.5ms <- <Run|MPos:20.000,-37.850,0.000|Bf:127,65535|FS:0,0>
  36303.0ms -> <? 0x3F>
  36309.4ms <- <Run|MPos:20.000,-20.038,0.000|Bf:127,65535|FS:0,0>
  36512.3ms -> <? 0x3F>
  36520.3ms <- <Idle|MPos:20.000,-20.000,0.000|Bf:127,65535|FS:0,0>
  36520.7ms -> M5
  36570.7ms <- ok
  36571.0ms -> <? 0x3F>
  36625.3ms <- <Idle|MPos:20.000,-20.000,0.000|Bf:127,65535|FS:0,0|Ov:100,100,100|A:S>
  36625.6ms ## --- variant preamble_zero_length_then_M4 rep 4 ---
  36625.8ms -> M5
  36677.9ms <- ok
  36678.2ms -> G0 X40.000 Y-40.000
  36733.3ms <- ok
  36733.6ms -> G1 X40.000 Y-40.000 F12000 S0
  36786.9ms <- ok
  36787.3ms -> M4 S10
  37001.6ms <- ok
  37001.8ms -> M5
  37055.1ms <- ok
  37055.4ms -> <? 0x3F>
  37105.6ms <- <Idle|MPos:40.000,-40.000,0.000|Bf:127,65535|FS:0,0|Ov:100,100,100|A:S>
  37106.2ms ## --- variant rapid_in_flight_then_M4 rep 4 ---
  37106.3ms -> M5
  37157.4ms <- ok
  37158.1ms -> G0 X10.000 Y-10.000
  37208.0ms <- ok
  37208.2ms -> G0 X60.000 Y-60.000
  37263.3ms <- ok
  37263.6ms -> M4 S10
  38003.9ms <- ok
  38004.1ms -> M5
  38055.0ms <- ok
  38055.2ms -> <? 0x3F>
  38108.2ms <- <Idle|MPos:60.000,-60.000,0.000|Bf:127,65535|FS:0,0|Ov:100,100,100|A:S>
  38108.5ms ## --- variant rapid_then_M4_no_zero_length rep 4 ---
  38108.6ms -> M5
  38163.4ms <- ok
  38164.1ms -> G0 X10.000 Y-10.000
  38219.1ms <- ok
  38219.4ms -> G0 X40.000 Y-40.000
  38274.2ms <- ok
  38274.6ms -> M4 S10
  38993.4ms <- ok
  38993.9ms -> M5
  39046.1ms <- ok
  39046.5ms -> <? 0x3F>
  39098.5ms <- <Idle|MPos:40.000,-40.000,0.000|Bf:127,65535|FS:0,0|Ov:100,100,100|A:S>
  39098.9ms ## --- variant ring_M4 rep 4 ---
  39098.9ms -> M5
  39151.8ms <- ok
  39152.1ms -> G0 X20.000 Y-20.000
  39204.1ms <- ok
  39204.4ms -> M4 S10
  39462.8ms <- ok
  39465.7ms -> G1 X40.000 Y-20.000 F12000 S10
  39631.6ms <- ok
  39633.7ms -> G1 X40.000 Y-40.000
  39683.8ms <- ok
  39684.4ms -> G1 X20.000 Y-40.000
  39738.7ms <- ok
  39738.9ms -> G1 X20.000 Y-20.000
  39789.9ms <- ok
  39790.2ms -> M5
  40628.6ms <- ok
  40628.9ms -> <? 0x3F>
  40680.7ms <- <Idle|MPos:20.000,-20.000,0.000|Bf:127,65535|FS:0,0|Ov:100,100,100|A:S>
  40681.6ms ## --- variant ring_M3 rep 4 ---
  40681.7ms -> M5
  40731.8ms <- ok
  40732.0ms -> G0 X20.000 Y-20.000
  40787.1ms <- ok
  40787.3ms -> M3 S10
  40840.7ms <- ok
  40841.0ms -> G1 X40.000 Y-20.000 F12000 S10
  40892.4ms <- ok
  40892.6ms -> G1 X40.000 Y-40.000
  40944.0ms <- ok
  40944.3ms -> G1 X20.000 Y-40.000
  40998.9ms <- ok
  40999.3ms -> G1 X20.000 Y-20.000
  41054.5ms <- ok
  41054.8ms -> M5
  42002.8ms <- ok
  42003.0ms -> <? 0x3F>
  42058.2ms <- <Idle|MPos:20.000,-20.000,0.000|Bf:127,65535|FS:0,0|Ov:100,100,100|A:S>
  42058.6ms ## --- variant two_rings_M3 rep 4 ---
  42058.6ms -> M5
  42113.6ms <- ok
  42114.0ms -> G0 X20.000 Y-20.000
  42168.9ms <- ok
  42169.1ms -> M3 S10
  42224.0ms <- ok
  42224.2ms -> G1 X30.000 Y-20.000 F12000 S10
  42277.3ms <- ok
  42277.5ms -> G1 X30.000 Y-30.000
  42332.7ms <- ok
  42333.0ms -> M5
  42647.6ms <- ok
  42647.9ms -> G0 X45.000 Y-45.000
  42702.7ms <- ok
  42703.1ms -> M3 S10
  42912.5ms <- ok
  42912.9ms -> G1 X55.000 Y-45.000 F12000 S10
  42968.0ms <- ok
  42968.2ms -> G1 X55.000 Y-55.000
  43022.4ms <- ok
  43022.7ms -> M5
  43341.7ms <- ok
  43342.2ms -> <? 0x3F>
  43397.2ms <- <Idle|MPos:55.000,-55.000,0.000|Bf:127,65535|FS:0,0|Ov:100,100,100|A:S>
  43397.6ms ## --- variant ring_M4_settle30ms rep 4 ---
  43397.7ms -> M5
  43452.9ms <- ok
  43488.1ms -> G0 X20.000 Y-20.000
  43505.6ms <- ok
  43505.9ms -> M4 S10
  43885.1ms <- ok
  43920.5ms -> G1 X40.000 Y-20.000 F12000 S10
  43936.4ms <- ok
  43936.6ms -> G1 X40.000 Y-40.000
  43990.2ms <- ok
  43990.5ms -> G1 X20.000 Y-40.000
  44045.7ms <- ok
  44046.0ms -> G1 X20.000 Y-20.000
  44101.2ms <- ok
  44101.5ms -> M5
  45043.1ms <- ok
  45075.8ms -> <? 0x3F>
  45097.4ms <- <Idle|MPos:20.000,-20.000,0.000|Bf:127,65535|FS:0,0|Ov:100,100,100|A:S>
  45097.7ms ## --- variant ring_M4_wait_idle_before_switch rep 4 ---
  45097.8ms -> M5
  45147.8ms <- ok
  45148.1ms -> G0 X20.000 Y-20.000
  45203.4ms <- ok
  45203.6ms -> <? 0x3F>
  45258.4ms <- <Idle|MPos:20.000,-20.000,0.000|Bf:127,65535|FS:0,0>
  45258.8ms -> M4 S10
  45309.8ms <- ok
  45310.1ms -> G1 X40.000 Y-20.000 F12000 S10
  45360.5ms <- ok
  45360.8ms -> G1 X40.000 Y-40.000
  45415.9ms <- ok
  45416.2ms -> G1 X20.000 Y-40.000
  45471.3ms <- ok
  45471.6ms -> G1 X20.000 Y-20.000
  45526.8ms <- ok
  45527.3ms -> <? 0x3F>
  45577.4ms <- <Run|MPos:37.750,-20.000,0.000|Bf:124,65535|FS:3208,3|Ov:100,100,100|A:S>
  45778.3ms -> <? 0x3F>
  45795.1ms <- <Run|MPos:40.000,-35.075,0.000|Bf:125,65535|FS:4034,3>
  45995.5ms -> <? 0x3F>
  46008.1ms <- <Run|MPos:31.587,-40.000,0.000|Bf:126,65535|FS:7657,6>
  46212.1ms -> <? 0x3F>
  46213.9ms <- <Run|MPos:20.000,-37.213,0.000|Bf:127,65535|FS:0,0>
  46419.4ms -> <? 0x3F>
  46426.3ms <- <Run|MPos:20.000,-20.000,0.000|Bf:127,65535|FS:0,0>
  46630.6ms -> <? 0x3F>
  46640.3ms <- <Idle|MPos:20.000,-20.000,0.000|Bf:127,65535|FS:0,0>
  46640.5ms -> M5
  46691.6ms <- ok
  46691.9ms -> <? 0x3F>
  46747.0ms <- <Idle|MPos:20.000,-20.000,0.000|Bf:127,65535|FS:0,0|Ov:100,100,100|A:S>
  46747.6ms ## --- variant preamble_zero_length_then_M4 rep 5 ---
  46747.6ms -> M5
  46798.1ms <- ok
  46798.4ms -> G0 X40.000 Y-40.000
  46853.5ms <- ok
  46853.8ms -> G1 X40.000 Y-40.000 F12000 S0
  46906.6ms <- ok
  46906.8ms -> M4 S10
  47114.8ms <- ok
  47115.3ms -> M5
  47166.0ms <- ok
  47166.5ms -> <? 0x3F>
  47221.6ms <- <Idle|MPos:40.000,-40.000,0.000|Bf:127,65535|FS:0,0|Ov:100,100,100|A:S>
  47221.9ms ## --- variant rapid_in_flight_then_M4 rep 5 ---
  47222.0ms -> M5
  47277.0ms <- ok
  47277.3ms -> G0 X10.000 Y-10.000
  47331.8ms <- ok
  47332.4ms -> G0 X60.000 Y-60.000
  47382.6ms <- ok
  47382.8ms -> M4 S10
  48123.2ms <- ok
  48123.4ms -> M5
  48173.7ms <- ok
  48174.1ms -> <? 0x3F>
  48226.0ms <- <Idle|MPos:60.000,-60.000,0.000|Bf:127,65535|FS:0,0|Ov:100,100,100|A:S>
  48226.4ms ## --- variant rapid_then_M4_no_zero_length rep 5 ---
  48226.4ms -> M5
  48281.4ms <- ok
  48281.7ms -> G0 X10.000 Y-10.000
  48335.6ms <- ok
  48335.8ms -> G0 X40.000 Y-40.000
  48391.0ms <- ok
  48391.3ms -> M4 S10
  49120.1ms <- ok
  49120.6ms -> M5
  49170.7ms <- ok
  49171.0ms -> <? 0x3F>
  49226.2ms <- <Idle|MPos:40.000,-40.000,0.000|Bf:127,65535|FS:0,0|Ov:100,100,100|A:S>
  49226.5ms ## --- variant ring_M4 rep 5 ---
  49226.6ms -> M5
  49281.6ms <- ok
  49281.9ms -> G0 X20.000 Y-20.000
  49337.1ms <- ok
  49337.7ms -> M4 S10
  49604.8ms <- ok
  49605.3ms -> G1 X40.000 Y-20.000 F12000 S10
  49655.3ms <- ok
  49655.6ms -> G1 X40.000 Y-40.000
  49706.9ms <- ok
  49707.2ms -> G1 X20.000 Y-40.000
  49762.3ms <- ok
  49762.6ms -> G1 X20.000 Y-20.000
  49817.7ms <- ok
  49818.0ms -> M5
  50758.3ms <- ok
  50758.6ms -> <? 0x3F>
  50811.2ms <- <Idle|MPos:20.000,-20.000,0.000|Bf:127,65535|FS:0,0|Ov:100,100,100|A:S>
  50811.6ms ## --- variant ring_M3 rep 5 ---
  50811.6ms -> M5
  50865.2ms <- ok
  50865.6ms -> G0 X20.000 Y-20.000
  51000.4ms <- ok
  51012.1ms -> M3 S10
  51059.5ms <- ok
  51059.7ms -> G1 X40.000 Y-20.000 F12000 S10
  51113.3ms <- ok
  51113.4ms -> G1 X40.000 Y-40.000
  51163.8ms <- ok
  51164.3ms -> G1 X20.000 Y-40.000
  51219.5ms <- ok
  51219.8ms -> G1 X20.000 Y-20.000
  51275.0ms <- ok
  51275.3ms -> M5
  52180.6ms <- ok
  52180.9ms -> <? 0x3F>
  52232.3ms <- <Idle|MPos:20.000,-20.000,0.000|Bf:127,65535|FS:0,0|Ov:100,100,100|A:S>
  52232.8ms ## --- variant two_rings_M3 rep 5 ---
  52232.9ms -> M5
  52283.0ms <- ok
  52283.5ms -> G0 X20.000 Y-20.000
  52336.2ms <- ok
  52336.5ms -> M3 S10
  52389.2ms <- ok
  52389.5ms -> G1 X30.000 Y-20.000 F12000 S10
  52444.7ms <- ok
  52445.0ms -> G1 X30.000 Y-30.000
  52496.3ms <- ok
  52496.6ms -> M5
  52811.8ms <- ok
  52812.1ms -> G0 X45.000 Y-45.000
  52863.9ms <- ok
  52864.2ms -> M3 S10
  53078.0ms <- ok
  53078.3ms -> G1 X55.000 Y-45.000 F12000 S10
  53131.4ms <- ok
  53131.6ms -> G1 X55.000 Y-55.000
  53186.3ms <- ok
  53186.6ms -> M5
  53499.0ms <- ok
  53499.3ms -> <? 0x3F>
  53549.4ms <- <Idle|MPos:55.000,-55.000,0.000|Bf:127,65535|FS:0,0|Ov:100,100,100|A:S>
  53549.7ms ## --- variant ring_M4_settle30ms rep 5 ---
  53549.8ms -> M5
  53602.1ms <- ok
  53632.9ms -> G0 X20.000 Y-20.000
  53657.0ms <- ok
  53657.2ms -> M4 S10
  54035.8ms <- ok
  54067.2ms -> G1 X40.000 Y-20.000 F12000 S10
  54090.6ms <- ok
  54090.8ms -> G1 X40.000 Y-40.000
  54140.9ms <- ok
  54141.1ms -> G1 X20.000 Y-40.000
  54196.3ms <- ok
  54196.6ms -> G1 X20.000 Y-20.000
  54250.2ms <- ok
  54251.3ms -> M5
  55218.3ms <- ok
  55252.9ms -> <? 0x3F>
  55269.9ms <- <Idle|MPos:20.000,-20.000,0.000|Bf:127,65535|FS:0,0|Ov:100,100,100|A:S>
  55270.4ms ## --- variant ring_M4_wait_idle_before_switch rep 5 ---
  55270.5ms -> M5
  55320.8ms <- ok
  55321.1ms -> G0 X20.000 Y-20.000
  55372.5ms <- ok
  55372.8ms -> <? 0x3F>
  55427.9ms <- <Idle|MPos:20.000,-20.000,0.000|Bf:127,65535|FS:0,0>
  55428.2ms -> M4 S10
  55479.8ms <- ok
  55480.1ms -> G1 X40.000 Y-20.000 F12000 S10
  55535.2ms <- ok
  55535.5ms -> G1 X40.000 Y-40.000
  55587.2ms <- ok
  55587.6ms -> G1 X20.000 Y-40.000
  55638.1ms <- ok
  55638.4ms -> G1 X20.000 Y-20.000
  55693.5ms <- ok
  55693.8ms -> <? 0x3F>
  55749.0ms <- <Run|MPos:37.525,-20.000,0.000|Bf:124,65535|FS:3208,3|Ov:100,100,100|A:S>
  55954.6ms -> <? 0x3F>
  55961.7ms <- <Run|MPos:40.000,-35.725,0.000|Bf:125,65535|FS:3434,3|WCO:0.000,0.000,0.000>
  56162.7ms -> <? 0x3F>
  56172.8ms <- <Run|MPos:31.938,-40.000,0.000|Bf:126,65535|FS:7657,6>
  56373.3ms -> <? 0x3F>
  56380.2ms <- <Run|MPos:20.000,-37.812,0.000|Bf:127,65535|FS:0,0>
  56583.6ms -> <? 0x3F>
  56593.7ms <- <Run|MPos:20.000,-20.038,0.000|Bf:127,65535|FS:0,0>
  56799.0ms -> <? 0x3F>
  56805.6ms <- <Idle|MPos:20.000,-20.000,0.000|Bf:127,65535|FS:0,0>
  56805.9ms -> M5
  56857.5ms <- ok
  56860.5ms -> <? 0x3F>
  56910.9ms <- <Idle|MPos:20.000,-20.000,0.000|Bf:127,65535|FS:0,0|Ov:100,100,100|A:S>
  56911.4ms ## --- pause_M3 ---
  56911.4ms -> M5
  56963.7ms <- ok
  56963.9ms -> G0 X10.000 Y-10.000
  57014.9ms <- ok
  57015.2ms -> <? 0x3F>
  57065.5ms <- <Run|MPos:18.737,-18.737,0.000|Bf:127,65535|FS:0,0>
  57266.0ms -> <? 0x3F>
  57267.4ms <- <Idle|MPos:10.000,-10.000,0.000|Bf:127,65535|FS:0,0>
  57267.7ms -> M3 S10
  57318.6ms <- ok
  57318.9ms -> G1 X60.000 Y-60.000 F300 S10
  57375.0ms <- ok
  60376.4ms -> <FEED_HOLD ! 0x21>
  60632.0ms -> <? 0x3F>
  60655.1ms <- <Hold:1|MPos:21.700,-21.700,0.000|Bf:126,65535|FS:0,10|Ov:100,100,100|A:S>
  60910.7ms -> <? 0x3F>
  60925.6ms <- <Hold:0|MPos:22.225,-22.225,0.000|Bf:126,65535|FS:0,0|Ov:100,100,100|A:S>
  61181.1ms -> <? 0x3F>
  61187.4ms <- <Hold:0|MPos:22.225,-22.225,0.000|Bf:126,65535|FS:0,0>
  61442.8ms -> <? 0x3F>
  61459.2ms <- <Hold:0|MPos:22.225,-22.225,0.000|Bf:126,65535|FS:0,0>
  61714.7ms -> <? 0x3F>
  61726.4ms <- <Hold:0|MPos:22.225,-22.225,0.000|Bf:126,65535|FS:0,0>
  61981.8ms -> <? 0x3F>
  61988.7ms <- <Hold:0|MPos:22.225,-22.225,0.000|Bf:126,65535|FS:0,0>
  62244.5ms -> <? 0x3F>
  62255.7ms <- <Hold:0|MPos:22.225,-22.225,0.000|Bf:126,65535|FS:0,0>
  62506.3ms -> <? 0x3F>
  62518.6ms <- <Hold:0|MPos:22.225,-22.225,0.000|Bf:126,65535|FS:0,0>
  62518.9ms -> <SPINDLE_STOP_OVR 0x9E 0x9E>
  62573.2ms <- [MSG:Restoring spindle]
  62773.7ms -> <? 0x3F>
  62787.6ms <- <Hold:0|MPos:22.225,-22.225,0.000|Bf:126,65535|FS:0,10|Ov:100,100,100|A:S>
  63041.1ms -> <? 0x3F>
  63057.8ms <- <Hold:0|MPos:22.225,-22.225,0.000|Bf:126,65535|FS:0,10>
  63308.5ms -> <? 0x3F>
  63323.5ms <- <Hold:0|MPos:22.225,-22.225,0.000|Bf:126,65535|FS:0,10>
  63575.2ms -> <? 0x3F>
  63580.2ms <- <Hold:0|MPos:22.225,-22.225,0.000|Bf:126,65535|FS:0,10>
  63831.0ms -> <? 0x3F>
  63846.8ms <- <Hold:0|MPos:22.225,-22.225,0.000|Bf:126,65535|FS:0,10>
  64102.2ms -> <? 0x3F>
  64110.2ms <- <Hold:0|MPos:22.225,-22.225,0.000|Bf:126,65535|FS:0,10>
  64360.7ms -> <? 0x3F>
  64372.6ms <- <Hold:0|MPos:22.225,-22.225,0.000|Bf:126,65535|FS:0,10>
  64627.9ms -> <? 0x3F>
  64644.9ms <- <Hold:0|MPos:22.225,-22.225,0.000|Bf:126,65535|FS:0,10>
  64895.6ms -> <? 0x3F>
  64912.1ms <- <Hold:0|MPos:22.225,-22.225,0.000|Bf:126,65535|FS:0,10>
  65163.8ms -> <? 0x3F>
  65214.9ms <- <Hold:0|MPos:22.225,-22.225,0.000|Bf:126,65535|FS:0,10>
  65468.1ms -> <? 0x3F>
  65480.5ms <- <Hold:0|MPos:22.225,-22.225,0.000|Bf:126,65535|FS:0,10>
  65731.6ms -> <? 0x3F>
  65748.4ms <- <Hold:0|MPos:22.225,-22.225,0.000|Bf:126,65535|FS:0,10>
  65748.7ms ## soft reset (end of pause experiment)
  65748.8ms -> <RESET 0x18>
  65803.7ms <- [MSG:Using cpu_map...esp32-s3]
  65803.8ms <- Grbl 1.1f ['$' for help]
  68271.3ms -> $X
  68324.5ms <- ok
  68324.8ms -> M5
  68379.9ms <- ok
  68380.2ms ## --- pause_M4 ---
  68380.3ms -> M5
  68435.3ms <- ok
  68435.7ms -> G0 X10.000 Y-10.000
  68489.0ms <- ok
  68489.3ms -> <? 0x3F>
  68542.3ms <- <Run|MPos:20.837,-20.837,0.000|Bf:127,65535|FS:0,0|WCO:0.000,0.000,0.000>
  68747.7ms -> <? 0x3F>
  68753.7ms <- <Idle|MPos:10.000,-10.000,0.000|Bf:127,65535|FS:0,0|Ov:100,100,100|A:S>
  68754.1ms -> M4 S10
  68805.8ms <- ok
  68806.2ms -> G1 X60.000 Y-60.000 F300 S10
  68856.7ms <- ok
  71858.9ms -> <FEED_HOLD ! 0x21>
  72111.1ms -> <? 0x3F>
  72154.9ms <- <Hold:1|MPos:21.675,-21.675,0.000|Bf:126,65535|FS:0,0|Ov:100,100,100|A:S>
  72406.7ms -> <? 0x3F>
  72411.2ms <- <Hold:0|MPos:22.225,-22.225,0.000|Bf:126,65535|FS:0,0|Ov:100,100,100|A:S>
  72665.9ms -> <? 0x3F>
  72717.4ms <- <Hold:0|MPos:22.225,-22.225,0.000|Bf:126,65535|FS:0,0>
  72969.1ms -> <? 0x3F>
  72972.2ms <- <Hold:0|MPos:22.225,-22.225,0.000|Bf:126,65535|FS:0,0>
  73223.8ms -> <? 0x3F>
  73229.2ms <- <Hold:0|MPos:22.225,-22.225,0.000|Bf:126,65535|FS:0,0>
  73483.9ms -> <? 0x3F>
  73539.0ms <- <Hold:0|MPos:22.225,-22.225,0.000|Bf:126,65535|FS:0,0>
  73789.8ms -> <? 0x3F>
  73799.0ms <- <Hold:0|MPos:22.225,-22.225,0.000|Bf:126,65535|FS:0,0>
  74052.8ms -> <? 0x3F>
  74104.3ms <- <Hold:0|MPos:22.225,-22.225,0.000|Bf:126,65535|FS:0,0>
  74104.9ms -> <SPINDLE_STOP_OVR 0x9E 0x9E>
  74154.9ms <- [MSG:Restoring spindle]
  74359.0ms -> <? 0x3F>
  74360.5ms <- <Hold:0|MPos:22.225,-22.225,0.000|Bf:126,65535|FS:0,0|Ov:100,100,100|A:S>
  74610.8ms -> <? 0x3F>
  74621.7ms <- <Hold:0|MPos:22.225,-22.225,0.000|Bf:126,65535|FS:0,0>
  74876.2ms -> <? 0x3F>
  74879.1ms <- <Hold:0|MPos:22.225,-22.225,0.000|Bf:126,65535|FS:0,0>
  75134.4ms -> <? 0x3F>
  75138.1ms <- <Hold:0|MPos:22.225,-22.225,0.000|Bf:126,65535|FS:0,0>
  75389.9ms -> <? 0x3F>
  75394.6ms <- <Hold:0|MPos:22.225,-22.225,0.000|Bf:126,65535|FS:0,0>
  75645.3ms -> <? 0x3F>
  75657.3ms <- <Hold:0|MPos:22.225,-22.225,0.000|Bf:126,65535|FS:0,0>
  75910.4ms -> <? 0x3F>
  75914.4ms <- <Hold:0|MPos:22.225,-22.225,0.000|Bf:126,65535|FS:0,0>
  76169.9ms -> <? 0x3F>
  76178.9ms <- <Hold:0|MPos:22.225,-22.225,0.000|Bf:126,65535|FS:0,0>
  76430.2ms -> <? 0x3F>
  76447.1ms <- <Hold:0|MPos:22.225,-22.225,0.000|Bf:126,65535|FS:0,0>
  76702.6ms -> <? 0x3F>
  76713.9ms <- <Hold:0|MPos:22.225,-22.225,0.000|Bf:126,65535|FS:0,0>
  76965.5ms -> <? 0x3F>
  76981.8ms <- <Hold:0|MPos:22.225,-22.225,0.000|Bf:126,65535|FS:0,0>
  77235.3ms -> <? 0x3F>
  77246.3ms <- <Hold:0|MPos:22.225,-22.225,0.000|Bf:126,65535|FS:0,0>
  77246.8ms ## soft reset (end of pause experiment)
  77246.9ms -> <RESET 0x18>
  77301.7ms <- [MSG:Using cpu_map...esp32-s3]
  77302.0ms <- Grbl 1.1f ['$' for help]
  79785.9ms -> $X
  79805.8ms <- ok
  79806.0ms -> M5
  79861.2ms <- ok
  79861.4ms -> M5
  79911.6ms <- ok
  79912.0ms -> G0 X0.000 Y0.000
  79967.1ms <- ok
  79967.4ms -> <? 0x3F>
  80019.1ms <- <Run|MPos:20.725,-20.725,0.000|Bf:127,65535|FS:0,0|WCO:0.000,0.000,0.000>
  80224.9ms -> <? 0x3F>
  80236.3ms <- <Idle|MPos:0.000,0.000,0.000|Bf:127,65535|FS:0,0|Ov:100,100,100|A:S>
  80237.2ms ## SUMMARY preamble_zero_length_then_M4: PASS, PASS, PASS, PASS, PASS || rapid_in_flight_then_M4: PASS, PASS, PASS, PASS, PASS || rapid_then_M4_no_zero_length: PASS, PASS, PASS, PASS, PASS || ring_M4: PASS, PASS, PASS, PASS, PASS || ring_M3: PASS, PASS, PASS, PASS, PASS || two_rings_M3: PASS, PASS, PASS, PASS, PASS || ring_M4_settle30ms: PASS, PASS, PASS, PASS, PASS || ring_M4_wait_idle_before_switch: PASS, PASS, PASS, PASS, PASS || pause_M3: TRACE || pause_M4: TRACE
  80237.4ms ## pause_M3 rep 1 TRACE: Hold/A:S Hold/A:S Hold/A:- Hold/A:- Hold/A:- Hold/A:- Hold/A:- Hold/A:- Hold/A:S Hold/A:- Hold/A:- Hold/A:- Hold/A:- Hold/A:- Hold/A:- Hold/A:- Hold/A:- Hold/A:- Hold/A:- Hold/A:-
  80237.4ms ## pause_M4 rep 1 TRACE: Hold/A:S Hold/A:S Hold/A:- Hold/A:- Hold/A:- Hold/A:- Hold/A:- Hold/A:- Hold/A:S Hold/A:- Hold/A:- Hold/A:- Hold/A:- Hold/A:- Hold/A:- Hold/A:- Hold/A:- Hold/A:- Hold/A:- Hold/A:-
